[2026-07-30 09:52:34] [WARNING] Toolkit avviato senza privilegi amministrativi.
[2026-07-30 09:52:34] [SUCCESS] Toolkit inizializzato.
[2026-07-30 09:55:28] [SUCCESS] Toolkit inizializzato.
[2026-07-30 10:31:23] [SUCCESS] Toolkit inizializzato.
[2026-07-30 10:31:25] [SUCCESS] Toolkit inizializzato.
[2026-07-30 10:31:53] [SUCCESS] Toolkit inizializzato.
[2026-07-30 10:35:08] [SUCCESS] Toolkit inizializzato.
[2026-07-30 10:37:21] [SUCCESS] Toolkit inizializzato.
[2026-07-30 10:37:31] [SUCCESS] Excel Engine pronto.
[2026-07-30 10:37:31] [INFO] Nessuno storico esistente: il report dinamico verrà creato ora.
[2026-07-30 10:37:43] [INFO] Generazione IP da 10.64.1.x a 10.64.50.x
[2026-07-30 10:37:43] [INFO] Ricerca amministratori locali non standard su 12700 indirizzi IP...
[2026-07-30 10:37:43] [INFO] Avvio RunspacePool (30 thread, 12700 elementi)...
[2026-07-30 10:41:13] [INFO] Client raggiungibili: 2120. Lettura del gruppo Administrators...
[2026-07-30 10:41:13] [INFO] Avvio RunspacePool (30 thread, 2120 elementi)...
[2026-07-30 10:43:13] [SUCCESS] Toolkit inizializzato.
[2026-07-30 10:44:09] [SUCCESS] Rimosso 'ausl6\glpoctrasfu24' dal gruppo 'Administrators' su '10.64.31.31'.
[2026-07-30 10:45:25] [SUCCESS] Rimosso 'ausl6\osantonocito' dal gruppo 'Administrators' su '10.64.23.49'.
[2026-07-30 10:50:40] [SUCCESS] Client analizzati: 1082
[2026-07-30 10:50:40] [WARNING] Client raggiungibili ma non interrogabili: 1038
[2026-07-30 10:50:47] [ERROR] Impossibile aggiornare il report dinamico: Eccezione durante la chiamata di "Delete" con "1" argomento/i: "Could not find worksheet to delete 'Anomalie'"
[2026-07-30 11:12:02] [SUCCESS] Rimosso 'ausl6\tmenapace' dal gruppo 'Administrators' su '10.64.23.48'.
[2026-07-30 11:16:34] [WARNING] Scelta non valida.
[2026-07-30 11:17:04] [WARNING] Operazione annullata: gruppo o membro non specificato.
[2026-07-30 11:17:04] [WARNING] Scelta non valida.
[2026-07-30 11:18:19] [SUCCESS] Rimosso 'ausl6\jrosada' dal gruppo 'Administrators' su '10.64.22.80'.
[2026-07-30 11:29:20] [SUCCESS] Rimosso 'ausl6\glvmmmg02' dal gruppo 'administrators' su '10.64.20.35'.
[2026-07-30 11:32:25] [SUCCESS] Excel Engine pronto.
[2026-07-30 11:32:25] [WARNING] Impossibile leggere lo storico esistente, verrà ricreato da zero: Impossibile eseguire l'indicizzazione in una matrice null.
[2026-07-30 11:32:25] [INFO] Storico esistente caricato: 0 indirizzi.
[2026-07-30 11:32:42] [INFO] Generazione IP da 10.64.1.x a 10.64.10.x
[2026-07-30 11:32:42] [INFO] Ricerca amministratori locali non standard su 2540 indirizzi IP...
[2026-07-30 11:32:42] [INFO] Avvio RunspacePool (30 thread, 2540 elementi)...
[2026-07-30 11:33:21] [INFO] Client raggiungibili: 369. Lettura del gruppo Administrators...
[2026-07-30 11:33:22] [INFO] Avvio RunspacePool (30 thread, 369 elementi)...
[2026-07-30 11:35:15] [SUCCESS] Client analizzati: 229
[2026-07-30 11:35:15] [WARNING] Client raggiungibili ma non interrogabili: 140
[2026-07-30 11:35:15] [ERROR] Impossibile aggiornare il report dinamico: Eccezione durante la chiamata di "Delete" con "1" argomento/i: "Could not find worksheet to delete 'Dati'"
[2026-07-30 11:36:11] [SUCCESS] Excel Engine pronto.
[2026-07-30 11:36:11] [WARNING] Impossibile leggere lo storico esistente, verrà ricreato da zero: Failed importing the Excel workbook 'C:\ESTAR-Toolkit-v3\Reports\Report dinamici\Amministratori locali e anomalie.xlsx' with worksheet 'Dati': No column headers found on top row '1'. If column headers in the worksheet are not a requirement then please use the '-NoHeader' or '-HeaderName' parameter.
[2026-07-30 11:36:11] [INFO] Storico esistente caricato: 0 indirizzi.
[2026-07-30 11:36:18] [INFO] Generazione IP da 10.64.1.x a 10.64.2.x
[2026-07-30 11:36:18] [INFO] Ricerca amministratori locali non standard su 508 indirizzi IP...
[2026-07-30 11:36:18] [INFO] Avvio RunspacePool (30 thread, 508 elementi)...
[2026-07-30 11:36:26] [INFO] Client raggiungibili: 44. Lettura del gruppo Administrators...
[2026-07-30 11:36:26] [INFO] Avvio RunspacePool (30 thread, 44 elementi)...
[2026-07-30 11:36:48] [SUCCESS] Client analizzati: 28
[2026-07-30 11:36:48] [WARNING] Client raggiungibili ma non interrogabili: 16
[2026-07-30 11:36:49] [ERROR] Impossibile aggiornare il report dinamico: Eccezione durante la chiamata di "Delete" con "1" argomento/i: "Could not find worksheet to delete 'Anomalie'"
[2026-07-30 11:40:03] [SUCCESS] Toolkit inizializzato.
[2026-07-30 11:40:07] [SUCCESS] Excel Engine pronto.
[2026-07-30 11:40:07] [WARNING] Impossibile leggere lo storico esistente, verrà ricreato da zero: Impossibile eseguire l'indicizzazione in una matrice null.
[2026-07-30 11:40:07] [INFO] Storico esistente caricato: 0 indirizzi.
[2026-07-30 11:40:21] [SUCCESS] Toolkit inizializzato.
[2026-07-30 11:40:26] [SUCCESS] Excel Engine pronto.
[2026-07-30 11:40:27] [WARNING] Impossibile leggere lo storico esistente, verrà ricreato da zero: Impossibile eseguire l'indicizzazione in una matrice null.
[2026-07-30 11:40:27] [INFO] Storico esistente caricato: 0 indirizzi.
[2026-07-30 11:40:34] [INFO] Generazione IP da 10.64.2.x a 10.64.2.x
[2026-07-30 11:40:34] [INFO] Ricerca amministratori locali non standard su 253 indirizzi IP...
[2026-07-30 11:40:34] [INFO] Avvio RunspacePool (30 thread, 253 elementi)...
[2026-07-30 11:40:38] [INFO] Client raggiungibili: 26. Lettura del gruppo Administrators...
[2026-07-30 11:40:38] [INFO] Avvio RunspacePool (30 thread, 26 elementi)...
[2026-07-30 11:41:00] [SUCCESS] Client analizzati: 16
[2026-07-30 11:41:00] [WARNING] Client raggiungibili ma non interrogabili: 10
[2026-07-30 11:41:00] [SUCCESS] Report dinamico aggiornato: C:\ESTAR-Toolkit-v3\Reports\Report dinamici\Amministratori locali e anomalie.xlsx
[2026-07-30 11:41:00] [SUCCESS] Indirizzi totali in archivio: 16 | Anomalie (utenti con 1-3 occorrenze): 2
[2026-07-30 11:41:52] [SUCCESS] Excel Engine pronto.
[2026-07-30 11:41:52] [INFO] Storico esistente caricato: 16 indirizzi.
[2026-07-30 11:41:59] [INFO] Generazione IP da 10.64.1.x a 10.64.50.x
[2026-07-30 11:41:59] [INFO] Ricerca amministratori locali non standard su 12700 indirizzi IP...
[2026-07-30 11:41:59] [INFO] Avvio RunspacePool (30 thread, 12700 elementi)...
[2026-07-30 11:45:07] [INFO] Client raggiungibili: 2139. Lettura del gruppo Administrators...
[2026-07-30 11:45:07] [INFO] Avvio RunspacePool (30 thread, 2139 elementi)...
[2026-07-30 11:54:15] [SUCCESS] Client analizzati: 1089
[2026-07-30 11:54:15] [WARNING] Client raggiungibili ma non interrogabili: 1050
[2026-07-30 11:54:27] [SUCCESS] Report dinamico aggiornato: C:\ESTAR-Toolkit-v3\Reports\Report dinamici\Amministratori locali e anomalie.xlsx
[2026-07-30 11:54:27] [SUCCESS] Indirizzi totali in archivio: 1090 | Anomalie (utenti con 1-3 occorrenze): 89
[2026-07-30 12:09:35] [SUCCESS] Excel Engine pronto.
[2026-07-30 12:09:40] [INFO] Storico esistente caricato: 1090 indirizzi.
[2026-07-30 12:10:01] [INFO] Generazione IP da 10.64.45.x a 10.64.150.x
[2026-07-30 12:10:01] [INFO] Ricerca amministratori locali non standard su 26924 indirizzi IP...
[2026-07-30 12:10:01] [INFO] Avvio RunspacePool (30 thread, 26924 elementi)...
[2026-07-30 12:17:21] [INFO] Client raggiungibili: 1505. Lettura del gruppo Administrators...
[2026-07-30 12:17:21] [INFO] Avvio RunspacePool (30 thread, 1505 elementi)...
[2026-07-30 12:29:04] [SUCCESS] Client analizzati: 378
[2026-07-30 12:29:04] [WARNING] Client raggiungibili ma non interrogabili: 1127
[2026-07-30 12:30:14] [SUCCESS] Report dinamico aggiornato: C:\ESTAR-Toolkit-v3\Reports\Report dinamici\Amministratori locali e anomalie.xlsx
[2026-07-30 12:30:14] [SUCCESS] Indirizzi totali in archivio: 1404 | Anomalie (utenti con 1-3 occorrenze): 157
[2026-07-30 15:02:49] [SUCCESS] Excel Engine pronto.
[2026-07-30 15:02:59] [INFO] Storico esistente caricato: 1404 indirizzi.
[2026-07-30 15:03:16] [INFO] Generazione IP da 10.64.150.x a 10.64.254.x
[2026-07-30 15:03:16] [INFO] Ricerca amministratori locali non standard su 26670 indirizzi IP...
[2026-07-30 15:03:16] [INFO] Avvio RunspacePool (30 thread, 26670 elementi)...
[2026-07-30 15:21:18] [INFO] Client raggiungibili: 904. Lettura del gruppo Administrators...
[2026-07-30 15:21:18] [INFO] Avvio RunspacePool (30 thread, 904 elementi)...
[2026-07-30 15:28:37] [SUCCESS] Client analizzati: 203
[2026-07-30 15:28:37] [WARNING] Client raggiungibili ma non interrogabili: 701
[2026-07-30 15:30:07] [SUCCESS] Report dinamico aggiornato: C:\ESTAR-Toolkit-v3\Reports\Report dinamici\Amministratori locali e anomalie.xlsx
[2026-07-30 15:30:07] [SUCCESS] Indirizzi totali in archivio: 1607 | Anomalie (utenti con 1-3 occorrenze): 161
