[2026-07-27 11:34:36] [WARNING] Toolkit avviato senza privilegi amministrativi.
[2026-07-27 11:34:36] [SUCCESS] Toolkit inizializzato.
[2026-07-27 11:34:44] [INFO] Generazione IP da 10.64.39.x a 10.64.39.x
[2026-07-27 11:34:44] [INFO] Avvio scansione di 29 host...
[2026-07-27 11:34:44] [INFO] Avvio RunspacePool (30 thread)...
[2026-07-27 11:34:53] [INFO] Runspace completati: 29
[2026-07-27 11:34:54] [INFO] Preparazione report Excel...
[2026-07-27 11:34:54] [INFO] Template copiato.
[2026-07-27 11:34:54] [INFO] Preparazione worksheet...
[2026-07-27 11:34:54] [INFO] Record da esportare : 29
[2026-07-27 11:36:22] [ERROR] Impossibile trovare la propriet‡ 'Worksheets' in questo oggetto. Verificare che esista.
[2026-07-27 11:50:06] [WARNING] Toolkit avviato senza privilegi amministrativi.
[2026-07-27 11:50:06] [SUCCESS] Toolkit inizializzato.
[2026-07-27 11:50:12] [INFO] Generazione IP da 10.64.39.x a 10.64.39.x
[2026-07-27 11:50:12] [INFO] Avvio scansione di 29 host...
[2026-07-27 11:50:12] [INFO] Avvio RunspacePool (30 thread)...
[2026-07-27 11:51:04] [WARNING] Toolkit avviato senza privilegi amministrativi.
[2026-07-27 11:51:58] [SUCCESS] Toolkit inizializzato.
[2026-07-27 11:52:04] [INFO] Generazione IP da 10.64.39.x a 10.64.39.x
[2026-07-27 11:52:04] [INFO] Avvio scansione di 20 host...
[2026-07-27 11:52:04] [INFO] Avvio RunspacePool (30 thread)...
[2026-07-27 11:52:12] [INFO] Runspace completati: 20
[2026-07-27 11:52:12] [INFO] Preparazione report Excel...
[2026-07-27 11:52:13] [INFO] Template copiato.
[2026-07-27 11:52:13] [INFO] Preparazione worksheet...
[2026-07-27 11:52:36] [WARNING] Toolkit avviato senza privilegi amministrativi.
[2026-07-27 11:52:36] [SUCCESS] Toolkit inizializzato.
[2026-07-27 11:52:45] [INFO] Generazione IP da 10.64.39.x a 10.64.39.x
[2026-07-27 11:52:45] [INFO] Avvio scansione di 19 host...
[2026-07-27 11:52:45] [INFO] Avvio RunspacePool (30 thread)...
[2026-07-27 11:52:53] [INFO] Runspace completati: 19
[2026-07-27 11:56:20] [WARNING] Toolkit avviato senza privilegi amministrativi.
[2026-07-27 11:56:20] [SUCCESS] Toolkit inizializzato.
[2026-07-27 12:39:09] [INFO] Avvio RunspacePool (3 thread, 3 elementi)...
[2026-07-27 12:39:10] [INFO] Runspace completati: 3
[2026-07-27 12:39:10] [ERROR] Numero o valore dei risultati non corretto.
[2026-07-27 12:39:23] [INFO] Avvio RunspacePool (3 thread, 3 elementi)...
[2026-07-27 12:39:24] [INFO] Runspace completati: 3
[2026-07-27 12:39:54] [INFO] Avvio RunspacePool (3 thread, 3 elementi)...
[2026-07-27 12:39:54] [INFO] Runspace completati: 3
[2026-07-27 12:39:54] [SUCCESS] Runspace Engine pronto.
[2026-07-27 12:39:54] [INFO] Avvio RunspacePool (2 thread, 3 elementi)...
[2026-07-27 12:40:05] [INFO] Host da analizzare: 1
[2026-07-27 12:40:06] [INFO] Avvio RunspacePool (1 thread, 1 elementi)...
[2026-07-27 12:41:03] [INFO] Avvio RunspacePool (3 thread, 3 elementi)...
[2026-07-27 12:41:04] [INFO] Runspace completati: 3
[2026-07-27 12:41:04] [SUCCESS] Runspace Engine pronto.
[2026-07-27 12:46:46] [INFO] Ricerca di 'Administrator' su 1 indirizzi IP...
[2026-07-27 12:46:46] [INFO] Avvio RunspacePool (1 thread, 1 elementi)...
[2026-07-27 12:46:46] [INFO] Client raggiungibili: 1. Analisi dei gruppi locali...
[2026-07-27 12:46:46] [INFO] Avvio RunspacePool (1 thread, 1 elementi)...
[2026-07-27 12:46:47] [SUCCESS] Corrispondenze trovate: 1
[2026-07-27 14:20:12] [INFO] Inventario utenti locali su 1 indirizzi IP...
[2026-07-27 14:20:12] [INFO] Avvio RunspacePool (1 thread, 1 elementi)...
[2026-07-27 14:20:12] [INFO] Client raggiungibili: 1. Lettura degli utenti locali...
[2026-07-27 14:20:12] [INFO] Avvio RunspacePool (1 thread, 1 elementi)...
[2026-07-27 14:20:13] [INFO] Runspace completati: 1
[2026-07-27 14:20:13] [SUCCESS] Client inventariati: 1
[2026-07-27 14:20:41] [INFO] Inventario utenti locali su 1 indirizzi IP...
[2026-07-27 14:20:42] [INFO] Avvio RunspacePool (1 thread, 1 elementi)...
[2026-07-27 14:20:42] [INFO] Client raggiungibili: 1. Lettura degli utenti locali...
[2026-07-27 14:20:42] [INFO] Avvio RunspacePool (1 thread, 1 elementi)...
[2026-07-27 14:20:42] [INFO] Runspace completati: 1
[2026-07-27 14:20:42] [SUCCESS] Client inventariati: 1
[2026-07-27 14:20:52] [INFO] Inventario utenti locali su 1 indirizzi IP...
[2026-07-27 14:20:53] [INFO] Avvio RunspacePool (1 thread, 1 elementi)...
[2026-07-27 14:20:53] [INFO] Client raggiungibili: 1. Lettura degli utenti locali...
[2026-07-27 14:20:53] [INFO] Avvio RunspacePool (1 thread, 1 elementi)...
[2026-07-27 14:20:53] [INFO] Runspace completati: 1
[2026-07-27 14:20:53] [SUCCESS] Client inventariati: 1
[2026-07-27 14:21:26] [INFO] Inventario utenti locali su 1 indirizzi IP...
[2026-07-27 14:21:26] [INFO] Avvio RunspacePool (1 thread, 1 elementi)...
[2026-07-27 14:21:26] [INFO] Client raggiungibili: 1. Lettura degli utenti locali...
[2026-07-27 14:21:26] [INFO] Avvio RunspacePool (1 thread, 1 elementi)...
[2026-07-27 14:21:27] [INFO] Runspace completati: 1
[2026-07-27 14:21:27] [SUCCESS] Client inventariati: 1
[2026-07-27 14:26:26] [INFO] Inventario utenti locali su 1 indirizzi IP...
[2026-07-27 14:26:26] [INFO] Avvio RunspacePool (1 thread, 1 elementi)...
[2026-07-27 14:26:27] [INFO] Client raggiungibili: 1. Lettura degli utenti locali...
[2026-07-27 14:26:27] [INFO] Avvio RunspacePool (1 thread, 1 elementi)...
[2026-07-27 14:26:27] [INFO] Runspace completati: 1
[2026-07-27 14:26:27] [SUCCESS] Client inventariati: 1
[2026-07-27 14:36:37] [INFO] Ricerca membri di Administrators su 1 indirizzi IP...
[2026-07-27 14:36:37] [INFO] Avvio RunspacePool (1 thread, 1 elementi)...
[2026-07-27 14:36:38] [INFO] Client raggiungibili: 1. Lettura del gruppo Administrators...
[2026-07-27 14:36:38] [INFO] Avvio RunspacePool (1 thread, 1 elementi)...
[2026-07-27 14:36:38] [SUCCESS] Client analizzati: 1
[2026-07-27 14:43:04] [INFO] Ricerca membri di Administrators su 1 indirizzi IP...
[2026-07-27 14:43:04] [INFO] Avvio RunspacePool (1 thread, 1 elementi)...
[2026-07-27 14:43:05] [INFO] Client raggiungibili: 1. Lettura del gruppo Administrators...
[2026-07-27 14:43:05] [INFO] Avvio RunspacePool (1 thread, 1 elementi)...
[2026-07-27 14:43:05] [SUCCESS] Client analizzati: 1
[2026-07-27 16:12:40] [INFO] Censimento gruppi non standard su 1 indirizzi IP...
[2026-07-27 16:12:40] [INFO] Avvio RunspacePool (1 thread, 1 elementi)...
[2026-07-27 16:12:41] [INFO] Avvio RunspacePool (1 thread, 1 elementi)...
[2026-07-27 16:12:42] [INFO] Runspace completati: 2
[2026-07-27 16:12:42] [SUCCESS] Gruppi non standard trovati: 2
[2026-07-27 16:12:42] [INFO] Ricerca gruppi di dominio su 1 indirizzi IP...
[2026-07-27 16:12:42] [INFO] Avvio RunspacePool (1 thread, 1 elementi)...
[2026-07-27 16:12:42] [INFO] Avvio RunspacePool (1 thread, 1 elementi)...
[2026-07-27 16:12:43] [INFO] Runspace completati: 10
[2026-07-27 16:12:43] [SUCCESS] Appartenenze di dominio trovate: 10
[2026-07-27 16:13:54] [INFO] Ricerca gruppi di dominio su 1 indirizzi IP...
[2026-07-27 16:13:55] [INFO] Avvio RunspacePool (1 thread, 1 elementi)...
[2026-07-27 16:13:55] [INFO] Avvio RunspacePool (1 thread, 1 elementi)...
[2026-07-27 16:13:56] [INFO] Runspace completati: 4
[2026-07-27 16:13:57] [SUCCESS] Appartenenze di dominio trovate: 4
[2026-07-27 16:20:34] [INFO] Ricerca amministratori locali non standard su 1 indirizzi IP...
[2026-07-27 16:20:34] [INFO] Avvio RunspacePool (1 thread, 1 elementi)...
[2026-07-27 16:20:35] [INFO] Client raggiungibili: 1. Lettura del gruppo Administrators...
[2026-07-27 16:20:35] [INFO] Avvio RunspacePool (1 thread, 1 elementi)...
[2026-07-27 16:20:36] [SUCCESS] Client analizzati: 1
[2026-07-27 16:22:55] [WARNING] Ricerca annullata: identit√† non specificata.
[2026-07-27 16:22:56] [WARNING] Scelta non valida.
[2026-07-27 16:23:08] [WARNING] Toolkit avviato senza privilegi amministrativi.
[2026-07-27 16:23:08] [SUCCESS] Toolkit inizializzato.
[2026-07-27 16:23:24] [INFO] Generazione IP da 10.64.39.x a 10.64.39.x
[2026-07-27 16:23:24] [INFO] Ricerca amministratori locali non standard su 253 indirizzi IP...
[2026-07-27 16:23:24] [INFO] Avvio RunspacePool (30 thread, 253 elementi)...
[2026-07-27 16:23:39] [INFO] Client raggiungibili: 28. Lettura del gruppo Administrators...
[2026-07-27 16:23:41] [INFO] Avvio RunspacePool (30 thread, 28 elementi)...
[2026-07-27 16:24:20] [SUCCESS] Client analizzati: 17
[2026-07-27 16:24:20] [WARNING] Client raggiungibili ma non interrogabili: 11
[2026-07-27 16:24:20] [SUCCESS] Excel Engine pronto.
[2026-07-27 16:24:20] [SUCCESS] Report creato: C:\ESTAR-Toolkit-v3\Reports\AmministratoriLocali_20260727_162420.xlsx
[2026-07-27 16:24:20] [SUCCESS] Report creato: C:\ESTAR-Toolkit-v3\Reports\AmministratoriLocali_20260727_162420.xlsx
[2026-07-27 16:26:45] [INFO] Operazione annullata dall'utente.
[2026-07-27 16:27:03] [INFO] Operazione annullata dall'utente.
[2026-07-27 16:27:15] [ERROR] WinRM non disponibile su '10.64.39.24': <f:WSManFault xmlns:f="http://schemas.microsoft.com/wbem/wsman/1/wsmanfault" Code="2150858770" Machine="LPOEXICT039024.AUSL6.IT"><f:Message>Il client non Ë in grado di connettersi alla destinazione specificata nella richiesta. Verificare che il servizio nella destinazione sia in esecuzione e accetti le richieste. Consultare i registri e la documentazione per il servizio WS-Management in esecuzione nella destinazione, nella maggior parte dei casi IIS o Gestione remota Windows. Se la destinazione Ë il servizio Gestione remota Windows, eseguire il comando seguente nella destinazione per analizzare e configurare il servizio Gestione remota Windows: "winrm quickconfig". </f:Message></f:WSManFault>
[2026-07-27 16:34:41] [INFO] Generazione IP da 10.64.2.x a 10.64.30.x
[2026-07-27 16:34:41] [INFO] Ricerca amministratori locali non standard su 7366 indirizzi IP...
[2026-07-27 16:34:41] [INFO] Avvio RunspacePool (30 thread, 7366 elementi)...
[2026-07-27 16:37:02] [INFO] Client raggiungibili: 922. Lettura del gruppo Administrators...
[2026-07-27 16:37:02] [INFO] Avvio RunspacePool (30 thread, 922 elementi)...
[2026-07-27 16:40:36] [SUCCESS] Client analizzati: 521
[2026-07-27 16:40:36] [WARNING] Client raggiungibili ma non interrogabili: 401
[2026-07-27 16:40:36] [SUCCESS] Excel Engine pronto.
[2026-07-27 16:40:39] [SUCCESS] Report creato: C:\ESTAR-Toolkit-v3\Reports\AmministratoriLocali_20260727_164036.xlsx
[2026-07-27 16:40:39] [SUCCESS] Report creato: C:\ESTAR-Toolkit-v3\Reports\AmministratoriLocali_20260727_164036.xlsx
[2026-07-27 17:05:37] [WARNING] Scelta non valida.
[2026-07-27 17:05:39] [WARNING] Scelta non valida.
[2026-07-27 17:50:44] [WARNING] Toolkit avviato senza privilegi amministrativi.
[2026-07-27 17:50:44] [SUCCESS] Toolkit inizializzato.
[2026-07-27 17:51:02] [INFO] Generazione IP da 10.64.2.x a 10.64.100.x
[2026-07-27 17:51:02] [INFO] Ricerca amministratori locali non standard su 25146 indirizzi IP...
[2026-07-27 17:51:02] [INFO] Avvio RunspacePool (30 thread, 25146 elementi)...
[2026-07-27 17:58:23] [INFO] Client raggiungibili: 2182. Lettura del gruppo Administrators...
[2026-07-27 17:58:23] [INFO] Avvio RunspacePool (30 thread, 2182 elementi)...
[2026-07-27 18:11:16] [SUCCESS] Client analizzati: 809
[2026-07-27 18:11:16] [WARNING] Client raggiungibili ma non interrogabili: 1373
[2026-07-27 18:11:19] [SUCCESS] Excel Engine pronto.
[2026-07-27 18:12:04] [SUCCESS] Report creato: C:\ESTAR-Toolkit-v3\Reports\AmministratoriLocali_20260727_181119.xlsx
[2026-07-27 18:12:04] [SUCCESS] Report creato: C:\ESTAR-Toolkit-v3\Reports\AmministratoriLocali_20260727_181119.xlsx
[2026-07-27 18:30:12] [INFO] Generazione IP da 10.64.101.x a 10.64.254.x
[2026-07-27 18:30:12] [INFO] Ricerca amministratori locali non standard su 39116 indirizzi IP...
[2026-07-27 18:30:12] [INFO] Avvio RunspacePool (30 thread, 39116 elementi)...
[2026-07-27 18:41:55] [INFO] Client raggiungibili: 1169. Lettura del gruppo Administrators...
[2026-07-27 18:41:55] [INFO] Avvio RunspacePool (30 thread, 1169 elementi)...
[2026-07-27 18:51:01] [SUCCESS] Client analizzati: 219
[2026-07-27 18:51:01] [WARNING] Client raggiungibili ma non interrogabili: 950
[2026-07-27 18:51:02] [SUCCESS] Excel Engine pronto.
[2026-07-27 18:51:03] [SUCCESS] Report creato: C:\ESTAR-Toolkit-v3\Reports\AmministratoriLocali_20260727_185102.xlsx
[2026-07-27 18:51:03] [SUCCESS] Report creato: C:\ESTAR-Toolkit-v3\Reports\AmministratoriLocali_20260727_185102.xlsx
