[2026-08-18 11:00:16] [SUCCESS] Toolkit inizializzato.
[2026-08-18 11:00:32] [INFO] Recupero elenco gruppi locali di '10.64.35.9'...
[2026-08-18 11:00:38] [INFO] Recupero membri del gruppo 'Administrators'...
[2026-08-18 11:00:54] [INFO] Operazione annullata.
[2026-08-18 11:06:59] [INFO] Recupero elenco gruppi locali di '10.64.35.9'...
[2026-08-18 11:07:12] [INFO] Recupero membri del gruppo 'Administrators'...
[2026-08-18 11:07:52] [SUCCESS] Rimosso 'AUSL6/rcaso' dal gruppo 'Administrators' su '10.64.35.9'.
[2026-08-18 11:08:03] [INFO] Recupero elenco gruppi locali di '10.64.35.9'...
[2026-08-18 11:08:05] [INFO] Recupero membri del gruppo 'Administrators'...
[2026-08-18 11:08:18] [INFO] Operazione annullata.
[2026-08-18 11:44:18] [INFO] Avvio RunspacePool (30 thread, 19 elementi)...
[2026-08-18 11:44:39] [INFO] Runspace completati: 10
[2026-08-18 11:44:40] [SUCCESS] Gruppi non standard trovati: 3
[2026-08-18 11:44:40] [WARNING] Client raggiungibili ma non interrogabili: 7
[2026-08-18 11:44:41] [SUCCESS] Excel Engine pronto.
[2026-08-18 11:44:42] [SUCCESS] Report creato: C:\ESTAR-Toolkit-v3\Reports\GruppiNonStandard_20260818_114441.xlsx
[2026-08-18 11:44:42] [SUCCESS] Report creato: C:\ESTAR-Toolkit-v3\Reports\GruppiNonStandard_20260818_114441.xlsx
[2026-08-18 11:45:31] [WARNING] Scelta non valida.
[2026-08-18 11:45:55] [INFO] Generazione IP da 10.64.22.x a 10.64.22.x
[2026-08-18 11:45:55] [INFO] Ricerca amministratori locali non standard su 254 indirizzi IP...
[2026-08-18 11:45:55] [INFO] Avvio RunspacePool (30 thread, 254 elementi)...
[2026-08-18 11:45:59] [INFO] Client raggiungibili: 56. Lettura del gruppo Administrators...
[2026-08-18 11:45:59] [INFO] Avvio RunspacePool (30 thread, 56 elementi)...
[2026-08-18 11:46:23] [SUCCESS] Client analizzati: 38
[2026-08-18 11:46:23] [WARNING] Client raggiungibili ma non interrogabili: 18
[2026-08-18 11:46:23] [SUCCESS] Excel Engine pronto.
[2026-08-18 11:46:23] [SUCCESS] Report creato: C:\ESTAR-Toolkit-v3\Reports\AmministratoriLocali_20260818_114623.xlsx
[2026-08-18 11:46:23] [SUCCESS] Report creato: C:\ESTAR-Toolkit-v3\Reports\AmministratoriLocali_20260818_114623.xlsx
[2026-08-18 11:47:41] [INFO] Generazione IP da 10.64.22.x a 10.64.23.x
[2026-08-18 11:47:41] [INFO] Host da analizzare: 508
[2026-08-18 11:47:41] [INFO] Avvio RunspacePool (30 thread, 508 elementi)...
[2026-08-18 11:47:51] [SUCCESS] Excel Engine pronto.
[2026-08-18 11:47:51] [SUCCESS] Report creato: C:\ESTAR-Toolkit-v3\Reports\PingMassivo_20260818_114751.xlsx
[2026-08-18 11:47:51] [SUCCESS] Report creato: C:\ESTAR-Toolkit-v3\Reports\PingMassivo_20260818_114751.xlsx
[2026-08-18 14:20:37] [WARNING] Scelta non valida.
[2026-08-18 14:20:37] [WARNING] Scelta non valida.
